C:\Users\augus\anaconda3\envs\pyspice\python.exe : Error: Library ../lib/ngspice/spice2poly.cm couldn't be loaded!
At line:1 char:52
+ ... lm-sim-poc; C:\Users\augus\anaconda3\envs\pyspice\python.exe test_fix ...
+                 ~~~~~~~~~~~~~~~~~~~~~~~~~~~~~~~~~~~~~~~~~~~~~~~~~~~~~~~~~
    + CategoryInfo          : NotSpecified: (Error: Library ...dn't be loaded!:String) [], RemoteException
    + FullyQualifiedErrorId : NativeCommandError
 
Error: Library ../lib/ngspice/analog.cm couldn't be loaded!
Error: Library ../lib/ngspice/digital.cm couldn't be loaded!
Error: Library ../lib/ngspice/xtradev.cm couldn't be loaded!
Error: Library ../lib/ngspice/xtraevt.cm couldn't be loaded!
Error: Library ../lib/ngspice/table.cm couldn't be loaded!
Unsupported Ngspice version 41
